============================= test session starts =============================
platform win32 -- Python 3.13.6, pytest-9.0.2, pluggy-1.6.0 -- C:\Python313\python.exe
cachedir: .pytest_cache
rootdir: C:\Users\olive\Documents\RIM_Alpha
configfile: pytest.ini
plugins: cov-7.0.0
collecting ... collected 220 items

tests/test_enums.py::TestRiskLevel::test_values PASSED                   [  0%]
tests/test_enums.py::TestRiskLevel::test_str_conversion PASSED           [  0%]
tests/test_enums.py::TestRiskLevel::test_icon_property PASSED            [  1%]
tests/test_enums.py::TestRiskLevel::test_color_property PASSED           [  1%]
tests/test_enums.py::TestRiskStatus::test_values PASSED                  [  2%]
tests/test_enums.py::TestRiskStatus::test_str_conversion PASSED          [  2%]
tests/test_enums.py::TestRiskStatus::test_icon_property PASSED           [  3%]
tests/test_enums.py::TestRiskOrigin::test_values PASSED                  [  3%]
tests/test_enums.py::TestRiskOrigin::test_str_conversion PASSED          [  4%]
tests/test_enums.py::TestRiskOrigin::test_icon_property PASSED           [  4%]
tests/test_enums.py::TestRiskCategory::test_values PASSED                [  5%]
tests/test_enums.py::TestRiskCategory::test_str_conversion PASSED        [  5%]
tests/test_enums.py::TestTPOCluster::test_values PASSED                  [  5%]
tests/test_enums.py::TestTPOCluster::test_str_conversion PASSED          [  6%]
tests/test_enums.py::TestMitigationType::test_values PASSED              [  6%]
tests/test_enums.py::TestMitigationType::test_str_conversion PASSED      [  7%]
tests/test_enums.py::TestMitigationType::test_icon_property PASSED       [  7%]
tests/test_enums.py::TestMitigationType::test_color_property PASSED      [  8%]
tests/test_enums.py::TestMitigationStatus::test_values PASSED            [  8%]
tests/test_enums.py::TestMitigationStatus::test_str_conversion PASSED    [  9%]
tests/test_enums.py::TestMitigationStatus::test_icon_property PASSED     [  9%]
tests/test_enums.py::TestEffectiveness::test_values PASSED               [ 10%]
tests/test_enums.py::TestEffectiveness::test_str_conversion PASSED       [ 10%]
tests/test_enums.py::TestEffectiveness::test_value_score_property PASSED [ 10%]
tests/test_enums.py::TestEffectiveness::test_icon_property PASSED        [ 11%]
tests/test_enums.py::TestInfluenceStrength::test_values PASSED           [ 11%]
tests/test_enums.py::TestInfluenceStrength::test_str_conversion PASSED   [ 12%]
tests/test_enums.py::TestInfluenceStrength::test_value_score_property PASSED [ 12%]
tests/test_enums.py::TestImpactLevel::test_values PASSED                 [ 13%]
tests/test_enums.py::TestImpactLevel::test_str_conversion PASSED         [ 13%]
tests/test_enums.py::TestImpactLevel::test_value_score_property PASSED   [ 14%]
tests/test_enums.py::TestImpactLevel::test_icon_property PASSED          [ 14%]
tests/test_enums.py::TestInfluenceType::test_values PASSED               [ 15%]
tests/test_enums.py::TestInfluenceType::test_str_conversion PASSED       [ 15%]
tests/test_enums.py::TestInfluenceType::test_icon_property PASSED        [ 15%]
tests/test_enums.py::TestInfluenceType::test_color_property PASSED       [ 16%]
tests/test_exposure_calculator.py::TestRiskExposureResult::test_create_result PASSED [ 16%]
tests/test_exposure_calculator.py::TestRiskExposureResult::test_to_dict PASSED [ 17%]
tests/test_exposure_calculator.py::TestGlobalExposureResult::test_create_result FAILED [ 17%]
tests/test_exposure_calculator.py::TestGlobalExposureResult::test_to_dict FAILED [ 18%]
tests/test_exposure_calculator.py::TestGlobalExposureResult::test_get_health_status_excellent FAILED [ 18%]
tests/test_exposure_calculator.py::TestGlobalExposureResult::test_get_health_status_critical FAILED [ 19%]
tests/test_exposure_calculator.py::TestExposureCalculatorInit::test_init_empty_data PASSED [ 19%]
tests/test_exposure_calculator.py::TestExposureCalculatorInit::test_init_with_sample_data PASSED [ 20%]
tests/test_exposure_calculator.py::TestExposureCalculatorCalculations::test_calculate_base_exposure PASSED [ 20%]
tests/test_exposure_calculator.py::TestExposureCalculatorCalculations::test_calculate_base_exposure_with_missing_data PASSED [ 20%]
tests/test_exposure_calculator.py::TestExposureCalculatorCalculations::test_calculate_mitigation_factor_no_mitigations PASSED [ 21%]
tests/test_exposure_calculator.py::TestExposureCalculatorCalculations::test_calculate_mitigation_factor_with_mitigations PASSED [ 21%]
tests/test_exposure_calculator.py::TestExposureCalculatorCalculations::test_calculate_all_returns_results PASSED [ 22%]
tests/test_exposure_calculator.py::TestExposureCalculatorCalculations::test_calculate_all_empty_risks PASSED [ 22%]
tests/test_exposure_calculator.py::TestExposureCalculatorInfluence::test_build_influence_graph FAILED [ 23%]
tests/test_exposure_calculator.py::TestExposureCalculatorInfluence::test_calculate_influence_limitation_no_upstream PASSED [ 23%]
tests/test_exposure_calculator.py::TestExposureCalculatorIntegration::test_mitigated_risks_have_lower_exposure PASSED [ 24%]
tests/test_exposure_calculator.py::TestExposureCalculatorIntegration::test_residual_percentage_is_valid PASSED [ 24%]
tests/test_exposure_calculator.py::TestExposureCalculatorIntegration::test_weighted_score_is_valid PASSED [ 25%]
tests/test_helpers.py::TestFormatPercentage::test_percentage_value PASSED [ 25%]
tests/test_helpers.py::TestFormatPercentage::test_ratio_value PASSED     [ 25%]
tests/test_helpers.py::TestFormatPercentage::test_decimal_places PASSED  [ 26%]
tests/test_helpers.py::TestFormatPercentage::test_none_value PASSED      [ 26%]
tests/test_helpers.py::TestFormatPercentage::test_boundary_values PASSED [ 27%]
tests/test_helpers.py::TestFormatExposure::test_format_exposure_value PASSED [ 27%]
tests/test_helpers.py::TestFormatExposure::test_decimal_places FAILED    [ 28%]
tests/test_helpers.py::TestFormatExposure::test_none_value PASSED        [ 28%]
tests/test_helpers.py::TestTruncateText::test_short_text_unchanged PASSED [ 29%]
tests/test_helpers.py::TestTruncateText::test_exact_length_unchanged PASSED [ 29%]
tests/test_helpers.py::TestTruncateText::test_long_text_truncated PASSED [ 30%]
tests/test_helpers.py::TestTruncateText::test_custom_suffix PASSED       [ 30%]
tests/test_helpers.py::TestTruncateText::test_empty_string PASSED        [ 30%]
tests/test_helpers.py::TestTruncateText::test_none_returns_empty PASSED  [ 31%]
tests/test_helpers.py::TestWrapTextMultiline::test_short_text_unchanged PASSED [ 31%]
tests/test_helpers.py::TestWrapTextMultiline::test_text_wrapping PASSED  [ 32%]
tests/test_helpers.py::TestWrapTextMultiline::test_max_lines_limit PASSED [ 32%]
tests/test_helpers.py::TestWrapTextMultiline::test_empty_string PASSED   [ 33%]
tests/test_helpers.py::TestSafeGet::test_existing_key PASSED             [ 33%]
tests/test_helpers.py::TestSafeGet::test_missing_key_returns_default PASSED [ 34%]
tests/test_helpers.py::TestSafeGet::test_none_value_returns_default PASSED [ 34%]
tests/test_helpers.py::TestSafeGet::test_falsy_values_preserved PASSED   [ 35%]
tests/test_helpers.py::TestCalculateExposure::test_calculate_exposure_normal PASSED [ 35%]
tests/test_helpers.py::TestCalculateExposure::test_calculate_exposure_zero PASSED [ 35%]
tests/test_helpers.py::TestCalculateExposure::test_calculate_exposure_none_probability PASSED [ 36%]
tests/test_helpers.py::TestCalculateExposure::test_calculate_exposure_none_impact PASSED [ 36%]
tests/test_helpers.py::TestCalculateExposure::test_calculate_exposure_both_none PASSED [ 37%]
tests/test_helpers.py::TestGetColorForValue::test_minimum_value_returns_low_color PASSED [ 37%]
tests/test_helpers.py::TestGetColorForValue::test_maximum_value_returns_high_color PASSED [ 38%]
tests/test_helpers.py::TestGetColorForValue::test_middle_value_interpolates PASSED [ 38%]
tests/test_helpers.py::TestGetColorForValue::test_returns_hex_format PASSED [ 39%]
tests/test_helpers.py::TestGetColorForValue::test_clamped_values PASSED  [ 39%]
tests/test_helpers.py::TestGetColorForValue::test_equal_min_max PASSED   [ 40%]
tests/test_helpers.py::TestPluralize::test_singular PASSED               [ 40%]
tests/test_helpers.py::TestPluralize::test_plural_default PASSED         [ 40%]
tests/test_helpers.py::TestPluralize::test_plural_custom PASSED          [ 41%]
tests/test_helpers.py::TestPluralize::test_negative_uses_plural PASSED   [ 41%]
tests/test_influence_analysis.py::TestPropagationResult::test_create_result PASSED [ 42%]
tests/test_influence_analysis.py::TestConvergenceResult::test_create_result PASSED [ 42%]
tests/test_influence_analysis.py::TestCriticalPath::test_create_path PASSED [ 43%]
tests/test_influence_analysis.py::TestBottleneck::test_create_bottleneck PASSED [ 43%]
tests/test_influence_analysis.py::TestRiskCluster::test_create_cluster PASSED [ 44%]
tests/test_influence_analysis.py::TestInfluenceAnalyzerInit::test_init_empty_data PASSED [ 44%]
tests/test_influence_analysis.py::TestInfluenceAnalyzerInit::test_init_with_sample_data PASSED [ 45%]
tests/test_influence_analysis.py::TestInfluenceAnalyzerAdjacency::test_builds_outgoing_adjacency FAILED [ 45%]
tests/test_influence_analysis.py::TestInfluenceAnalyzerAdjacency::test_builds_incoming_adjacency FAILED [ 45%]
tests/test_influence_analysis.py::TestInfluenceAnalyzerAnalyze::test_analyze_returns_dict PASSED [ 46%]
tests/test_influence_analysis.py::TestInfluenceAnalyzerAnalyze::test_analyze_empty_network PASSED [ 46%]
tests/test_influence_analysis.py::TestInfluenceAnalyzerPropagators::test_get_top_propagators PASSED [ 47%]
tests/test_influence_analysis.py::TestInfluenceAnalyzerPropagators::test_propagators_sorted_by_score PASSED [ 47%]
tests/test_influence_analysis.py::TestInfluenceAnalyzerConvergence::test_get_convergence_points PASSED [ 48%]
tests/test_influence_analysis.py::TestInfluenceAnalyzerConvergence::test_strat_risk_is_convergence_point PASSED [ 48%]
tests/test_influence_analysis.py::TestInfluenceAnalyzerCriticalPaths::test_get_critical_paths PASSED [ 49%]
tests/test_influence_analysis.py::TestInfluenceAnalyzerCriticalPaths::test_paths_end_at_tpo PASSED [ 49%]
tests/test_influence_analysis.py::TestInfluenceAnalyzerBottlenecks::test_get_bottlenecks PASSED [ 50%]
tests/test_influence_analysis.py::TestInfluenceAnalyzerClusters::test_get_risk_clusters PASSED [ 50%]
tests/test_influence_analysis.py::TestInfluenceAnalyzerHelpers::test_get_propagator_ids PASSED [ 50%]
tests/test_influence_analysis.py::TestInfluenceAnalyzerHelpers::test_get_high_priority_ids PASSED [ 51%]
tests/test_mitigation.py::TestMitigationCreation::test_create_mitigation_with_required_fields PASSED [ 51%]
tests/test_mitigation.py::TestMitigationCreation::test_create_mitigation_with_all_fields PASSED [ 52%]
tests/test_mitigation.py::TestMitigationCreation::test_default_values PASSED [ 52%]
tests/test_mitigation.py::TestMitigationPostInit::test_string_type_conversion PASSED [ 53%]
tests/test_mitigation.py::TestMitigationPostInit::test_string_status_conversion PASSED [ 53%]
tests/test_mitigation.py::TestMitigationProperties::test_is_implemented PASSED [ 54%]
tests/test_mitigation.py::TestMitigationProperties::test_is_active PASSED [ 54%]
tests/test_mitigation.py::TestMitigationProperties::test_is_dedicated PASSED [ 55%]
tests/test_mitigation.py::TestMitigationProperties::test_type_icon PASSED [ 55%]
tests/test_mitigation.py::TestMitigationProperties::test_status_icon PASSED [ 55%]
tests/test_mitigation.py::TestMitigationProperties::test_color PASSED    [ 56%]
tests/test_mitigation.py::TestMitigationProperties::test_display_name PASSED [ 56%]
tests/test_mitigation.py::TestMitigationMethods::test_to_dict PASSED     [ 57%]
tests/test_mitigation.py::TestMitigationMethods::test_from_dict PASSED   [ 57%]
tests/test_mitigation.py::TestMitigationMethods::test_from_dict_with_defaults PASSED [ 58%]
tests/test_mitigation.py::TestMitigationMethods::test_from_neo4j_record PASSED [ 58%]
tests/test_mitigation.py::TestMitigationRoundTrip::test_dict_round_trip PASSED [ 59%]
tests/test_mitigation_analysis.py::TestCoverageStats::test_create_stats PASSED [ 59%]
tests/test_mitigation_analysis.py::TestRiskMitigationSummary::test_create_summary PASSED [ 60%]
tests/test_mitigation_analysis.py::TestMitigationAnalyzerInit::test_init_empty_data PASSED [ 60%]
tests/test_mitigation_analysis.py::TestMitigationAnalyzerInit::test_init_with_sample_data PASSED [ 60%]
tests/test_mitigation_analysis.py::TestMitigationAnalyzerInit::test_init_with_influence_analysis PASSED [ 61%]
tests/test_mitigation_analysis.py::TestMitigationAnalyzerMappings::test_builds_risk_to_mitigations_map PASSED [ 61%]
tests/test_mitigation_analysis.py::TestMitigationAnalyzerMappings::test_builds_mitigation_to_risks_map PASSED [ 62%]
tests/test_mitigation_analysis.py::TestMitigationAnalyzerAnalyze::test_analyze_returns_dict FAILED [ 62%]
tests/test_mitigation_analysis.py::TestMitigationAnalyzerAnalyze::test_analyze_empty_data PASSED [ 63%]
tests/test_mitigation_analysis.py::TestMitigationAnalyzerAnalyze::test_analyze_calculates_coverage_stats PASSED [ 63%]
tests/test_mitigation_analysis.py::TestMitigationAnalyzerRiskDetails::test_get_risk_details_existing FAILED [ 64%]
tests/test_mitigation_analysis.py::TestMitigationAnalyzerRiskDetails::test_get_risk_details_nonexistent PASSED [ 64%]
tests/test_mitigation_analysis.py::TestMitigationAnalyzerMitigationDetails::test_get_mitigation_details_existing FAILED [ 65%]
tests/test_mitigation_analysis.py::TestMitigationAnalyzerMitigationDetails::test_get_mitigation_details_nonexistent PASSED [ 65%]
tests/test_mitigation_analysis.py::TestMitigationAnalyzerCoverageGaps::test_get_coverage_gaps FAILED [ 65%]
tests/test_mitigation_analysis.py::TestMitigationAnalyzerCoverageGaps::test_coverage_gaps_identifies_unmitigated FAILED [ 66%]
tests/test_mitigation_analysis.py::TestMitigationAnalyzerCoverageStatus::test_coverage_status_full PASSED [ 66%]
tests/test_mitigation_analysis.py::TestMitigationAnalyzerCoverageStatus::test_coverage_status_none FAILED [ 67%]
tests/test_mitigation_analysis.py::TestMitigationAnalyzerInfluenceFlags::test_get_influence_flags_with_analysis PASSED [ 67%]
tests/test_mitigation_analysis.py::TestMitigationAnalyzerInfluenceFlags::test_get_influence_flags_without_analysis PASSED [ 68%]
tests/test_mitigation_analysis.py::TestConvenienceFunction::test_analyze_mitigation_coverage PASSED [ 68%]
tests/test_mitigation_analysis.py::TestConvenienceFunction::test_analyze_mitigation_coverage_with_influence PASSED [ 69%]
tests/test_relationships.py::TestInfluenceCreation::test_create_influence_with_required_fields PASSED [ 69%]
tests/test_relationships.py::TestInfluenceCreation::test_create_influence_with_all_fields PASSED [ 70%]
tests/test_relationships.py::TestInfluencePostInit::test_string_type_conversion FAILED [ 70%]
tests/test_relationships.py::TestInfluencePostInit::test_string_strength_conversion PASSED [ 70%]
tests/test_relationships.py::TestInfluenceProperties::test_strength_score PASSED [ 71%]
tests/test_relationships.py::TestInfluenceProperties::test_weighted_score PASSED [ 71%]
tests/test_relationships.py::TestInfluenceProperties::test_type_icon FAILED [ 72%]
tests/test_relationships.py::TestInfluenceProperties::test_color FAILED  [ 72%]
tests/test_relationships.py::TestInfluenceProperties::test_display_label FAILED [ 73%]
tests/test_relationships.py::TestInfluenceMethods::test_to_dict PASSED   [ 73%]
tests/test_relationships.py::TestInfluenceMethods::test_from_dict PASSED [ 74%]
tests/test_relationships.py::TestInfluenceMethods::test_from_neo4j_record PASSED [ 74%]
tests/test_relationships.py::TestTPOImpactCreation::test_create_tpo_impact_with_required_fields PASSED [ 75%]
tests/test_relationships.py::TestTPOImpactCreation::test_create_tpo_impact_with_all_fields PASSED [ 75%]
tests/test_relationships.py::TestTPOImpactPostInit::test_string_impact_level_conversion PASSED [ 75%]
tests/test_relationships.py::TestTPOImpactProperties::test_impact_score PASSED [ 76%]
tests/test_relationships.py::TestTPOImpactProperties::test_impact_icon PASSED [ 76%]
tests/test_relationships.py::TestTPOImpactProperties::test_display_label FAILED [ 77%]
tests/test_relationships.py::TestTPOImpactMethods::test_to_dict PASSED   [ 77%]
tests/test_relationships.py::TestTPOImpactMethods::test_from_dict PASSED [ 78%]
tests/test_relationships.py::TestMitigatesRelationshipCreation::test_create_mitigates_with_required_fields PASSED [ 78%]
tests/test_relationships.py::TestMitigatesRelationshipCreation::test_create_mitigates_with_all_fields PASSED [ 79%]
tests/test_relationships.py::TestMitigatesRelationshipPostInit::test_string_effectiveness_conversion PASSED [ 79%]
tests/test_relationships.py::TestMitigatesRelationshipProperties::test_effectiveness_score PASSED [ 80%]
tests/test_relationships.py::TestMitigatesRelationshipProperties::test_effectiveness_icon PASSED [ 80%]
tests/test_relationships.py::TestMitigatesRelationshipProperties::test_display_label FAILED [ 80%]
tests/test_relationships.py::TestMitigatesRelationshipMethods::test_to_dict PASSED [ 81%]
tests/test_relationships.py::TestMitigatesRelationshipMethods::test_from_dict PASSED [ 81%]
tests/test_relationships.py::TestRelationshipRoundTrips::test_influence_round_trip PASSED [ 82%]
tests/test_relationships.py::TestRelationshipRoundTrips::test_tpo_impact_round_trip PASSED [ 82%]
tests/test_relationships.py::TestRelationshipRoundTrips::test_mitigates_round_trip PASSED [ 83%]
tests/test_risk.py::TestRiskCreation::test_create_risk_with_required_fields PASSED [ 83%]
tests/test_risk.py::TestRiskCreation::test_create_risk_with_all_fields PASSED [ 84%]
tests/test_risk.py::TestRiskCreation::test_default_values PASSED         [ 84%]
tests/test_risk.py::TestRiskPostInit::test_string_level_conversion PASSED [ 85%]
tests/test_risk.py::TestRiskPostInit::test_string_status_conversion PASSED [ 85%]
tests/test_risk.py::TestRiskPostInit::test_string_origin_conversion PASSED [ 85%]
tests/test_risk.py::TestRiskPostInit::test_exposure_calculation PASSED   [ 86%]
tests/test_risk.py::TestRiskPostInit::test_exposure_not_overwritten PASSED [ 86%]
tests/test_risk.py::TestRiskProperties::test_is_strategic PASSED         [ 87%]
tests/test_risk.py::TestRiskProperties::test_is_operational PASSED       [ 87%]
tests/test_risk.py::TestRiskProperties::test_is_contingent PASSED        [ 88%]
tests/test_risk.py::TestRiskProperties::test_is_legacy PASSED            [ 88%]
tests/test_risk.py::TestRiskProperties::test_level_icon PASSED           [ 89%]
tests/test_risk.py::TestRiskProperties::test_origin_icon PASSED          [ 89%]
tests/test_risk.py::TestRiskProperties::test_display_name_new PASSED     [ 90%]
tests/test_risk.py::TestRiskProperties::test_display_name_legacy PASSED  [ 90%]
tests/test_risk.py::TestRiskMethods::test_calculate_exposure PASSED      [ 90%]
tests/test_risk.py::TestRiskMethods::test_calculate_exposure_no_data PASSED [ 91%]
tests/test_risk.py::TestRiskMethods::test_to_dict PASSED                 [ 91%]
tests/test_risk.py::TestRiskMethods::test_from_dict PASSED               [ 92%]
tests/test_risk.py::TestRiskMethods::test_from_dict_with_defaults PASSED [ 92%]
tests/test_risk.py::TestRiskMethods::test_from_neo4j_record PASSED       [ 93%]
tests/test_risk.py::TestRiskRoundTrip::test_dict_round_trip PASSED       [ 93%]
tests/test_tpo.py::TestTPOCreation::test_create_tpo_with_required_fields PASSED [ 94%]
tests/test_tpo.py::TestTPOCreation::test_create_tpo_with_all_fields PASSED [ 94%]
tests/test_tpo.py::TestTPOCreation::test_default_values PASSED           [ 95%]
tests/test_tpo.py::TestTPOPostInit::test_valid_cluster_accepted PASSED   [ 95%]
tests/test_tpo.py::TestTPOPostInit::test_invalid_cluster_accepted PASSED [ 95%]
tests/test_tpo.py::TestTPOProperties::test_display_label PASSED          [ 96%]
tests/test_tpo.py::TestTPOProperties::test_short_label PASSED            [ 96%]
tests/test_tpo.py::TestTPOProperties::test_icon PASSED                   [ 97%]
tests/test_tpo.py::TestTPOProperties::test_color PASSED                  [ 97%]
tests/test_tpo.py::TestTPOMethods::test_to_dict PASSED                   [ 98%]
tests/test_tpo.py::TestTPOMethods::test_from_dict PASSED                 [ 98%]
tests/test_tpo.py::TestTPOMethods::test_from_dict_with_defaults PASSED   [ 99%]
tests/test_tpo.py::TestTPOMethods::test_from_neo4j_record PASSED         [ 99%]
tests/test_tpo.py::TestTPORoundTrip::test_dict_round_trip PASSED         [100%]

================================== FAILURES ===================================
_________________ TestGlobalExposureResult.test_create_result _________________
tests\test_exposure_calculator.py:71: in test_create_result
    result = GlobalExposureResult(
E   TypeError: GlobalExposureResult.__init__() missing 2 required positional arguments: 'strategic_exposure' and 'operational_exposure'
____________________ TestGlobalExposureResult.test_to_dict ____________________
tests\test_exposure_calculator.py:92: in test_to_dict
    result = GlobalExposureResult(
E   TypeError: GlobalExposureResult.__init__() missing 2 required positional arguments: 'strategic_exposure' and 'operational_exposure'
__________ TestGlobalExposureResult.test_get_health_status_excellent __________
tests\test_exposure_calculator.py:115: in test_get_health_status_excellent
    result = GlobalExposureResult(
E   TypeError: GlobalExposureResult.__init__() missing 2 required positional arguments: 'strategic_exposure' and 'operational_exposure'
__________ TestGlobalExposureResult.test_get_health_status_critical ___________
tests\test_exposure_calculator.py:136: in test_get_health_status_critical
    result = GlobalExposureResult(
E   TypeError: GlobalExposureResult.__init__() missing 2 required positional arguments: 'strategic_exposure' and 'operational_exposure'
_________ TestExposureCalculatorInfluence.test_build_influence_graph __________
tests\test_exposure_calculator.py:290: in test_build_influence_graph
    assert "strat-001" in calc.incoming_influences
                          ^^^^^^^^^^^^^^^^^^^^^^^^
E   AttributeError: 'ExposureCalculator' object has no attribute 'incoming_influences'
___________________ TestFormatExposure.test_decimal_places ____________________
tests\test_helpers.py:64: in test_decimal_places
    assert format_exposure(40.555, decimal_places=2) == "40.56"
E   AssertionError: assert '40.55' == '40.56'
E     
E     - 40.56
E     ?     ^
E     + 40.55
E     ?     ^
________ TestInfluenceAnalyzerAdjacency.test_builds_outgoing_adjacency ________
tests\test_influence_analysis.py:153: in test_builds_outgoing_adjacency
    target_ids = [edge["target_id"] for edge in outgoing_from_op001]
                  ^^^^^^^^^^^^^^^^^
E   TypeError: tuple indices must be integers or slices, not str
________ TestInfluenceAnalyzerAdjacency.test_builds_incoming_adjacency ________
tests\test_influence_analysis.py:168: in test_builds_incoming_adjacency
    source_ids = [edge["source_id"] for edge in incoming_to_strat001]
                  ^^^^^^^^^^^^^^^^^
E   TypeError: tuple indices must be integers or slices, not str
___________ TestMitigationAnalyzerAnalyze.test_analyze_returns_dict ___________
tests\test_mitigation_analysis.py:146: in test_analyze_returns_dict
    assert "risk_summaries" in result
E   AssertionError: assert 'risk_summaries' in {'coverage_stats': {'coverage_percentage': 66.7, 'mitigated_risks': 2, 'total_links': 2, 'total_mitigations': 2, ...}, 'high_priority_unmitigated': [], 'mitigation_effectiveness': {'Critical': 0, 'High': 1, 'Low': 0, 'Medium': 1}, 'partially_mitigated_risks': [{'categories': ['Industriel'], 'coverage_status': 'proposed_only', 'exposure': 35.0, 'id': 'op-001', ...}], ...}
______ TestMitigationAnalyzerRiskDetails.test_get_risk_details_existing _______
tests\test_mitigation_analysis.py:193: in test_get_risk_details_existing
    assert details["id"] == "strat-001"
           ^^^^^^^^^^^^^
E   KeyError: 'id'
_ TestMitigationAnalyzerMitigationDetails.test_get_mitigation_details_existing _
tests\test_mitigation_analysis.py:223: in test_get_mitigation_details_existing
    assert details["id"] == "mit-001"
           ^^^^^^^^^^^^^
E   KeyError: 'id'
__________ TestMitigationAnalyzerCoverageGaps.test_get_coverage_gaps __________
tests\test_mitigation_analysis.py:253: in test_get_coverage_gaps
    assert "unmitigated_risks" in gaps
E   AssertionError: assert 'unmitigated_risks' in {'category_coverage': {'Industriel': {'coverage_percentage': 100.0, 'mitigated': 1, 'total': 1, 'unmitigated': 0}, 'Programme': {'coverage_percentage': 100.0, 'mitigated': 1, 'total': 1, 'unmitigated': 0}, 'Supply Chain': {'coverage_percentage': 0.0, 'mitigated': 0, 'total': 1, 'unmitigated': 1}}, 'critical_unmitigated': [], 'high_priority_unmitigated': [], 'proposed_only_high_exposure': [], ...}
_ TestMitigationAnalyzerCoverageGaps.test_coverage_gaps_identifies_unmitigated _
tests\test_mitigation_analysis.py:267: in test_coverage_gaps_identifies_unmitigated
    unmitigated_ids = [r["id"] for r in gaps["unmitigated_risks"]]
                                        ^^^^^^^^^^^^^^^^^^^^^^^^^
E   KeyError: 'unmitigated_risks'
_______ TestMitigationAnalyzerCoverageStatus.test_coverage_status_none ________
tests\test_mitigation_analysis.py:305: in test_coverage_status_none
    assert "None" in status or "No" in status or "Unmitigated" in status
E   AssertionError: assert ('None' in 'unmitigated' or 'No' in 'unmitigated' or 'Unmitigated' in 'unmitigated')
______________ TestInfluencePostInit.test_string_type_conversion ______________
tests\test_relationships.py:42: in test_string_type_conversion
    influence = Influence(
E   TypeError: Influence.__init__() got an unexpected keyword argument 'type'
___________________ TestInfluenceProperties.test_type_icon ____________________
tests\test_relationships.py:91: in test_type_icon
    influence = Influence(
E   TypeError: Influence.__init__() got an unexpected keyword argument 'type'
_____________________ TestInfluenceProperties.test_color ______________________
tests\test_relationships.py:102: in test_color
    influence = Influence(
E   TypeError: Influence.__init__() got an unexpected keyword argument 'type'
_________________ TestInfluenceProperties.test_display_label __________________
tests\test_relationships.py:120: in test_display_label
    assert "Strong" in influence.display_label
E   AssertionError: assert 'Strong' in ' \u2192 '
E    +  where ' \u2192 ' = Influence(id='inf-001', source_id='r1', target_id='r2', influence_type=<InfluenceType.UNKNOWN: 'Unknown'>, strength=<InfluenceStrength.STRONG: 'Strong'>, confidence=0.8, source_name='', target_name='', source_level='', target_level='', description='', created_at=None, last_validated=None).display_label
_________________ TestTPOImpactProperties.test_display_label __________________
tests\test_relationships.py:230: in test_display_label
    assert "High" in impact.display_label
E   AssertionError: assert 'High' in ' \u2192 '
E    +  where ' \u2192 ' = TPOImpact(id='impact-001', risk_id='r1', tpo_id='t1', impact_level=<ImpactLevel.HIGH: 'High'>, risk_name='', tpo_reference='', tpo_name='', description='', created_at=None).display_label
___________ TestMitigatesRelationshipProperties.test_display_label ____________
tests\test_relationships.py:333: in test_display_label
    assert "High" in mitigates.display_label
E   AssertionError: assert 'High' in ' \u2192 '
E    +  where ' \u2192 ' = MitigatesRelationship(id='mitigates-001', mitigation_id='m1', risk_id='r1', effectiveness=<Effectiveness.HIGH: 'High'>, mitigation_name='', mitigation_type='', risk_name='', risk_level='', description='', created_at=None).display_label
=========================== short test summary info ===========================
FAILED tests/test_exposure_calculator.py::TestGlobalExposureResult::test_create_result
FAILED tests/test_exposure_calculator.py::TestGlobalExposureResult::test_to_dict
FAILED tests/test_exposure_calculator.py::TestGlobalExposureResult::test_get_health_status_excellent
FAILED tests/test_exposure_calculator.py::TestGlobalExposureResult::test_get_health_status_critical
FAILED tests/test_exposure_calculator.py::TestExposureCalculatorInfluence::test_build_influence_graph
FAILED tests/test_helpers.py::TestFormatExposure::test_decimal_places - Asser...
FAILED tests/test_influence_analysis.py::TestInfluenceAnalyzerAdjacency::test_builds_outgoing_adjacency
FAILED tests/test_influence_analysis.py::TestInfluenceAnalyzerAdjacency::test_builds_incoming_adjacency
FAILED tests/test_mitigation_analysis.py::TestMitigationAnalyzerAnalyze::test_analyze_returns_dict
FAILED tests/test_mitigation_analysis.py::TestMitigationAnalyzerRiskDetails::test_get_risk_details_existing
FAILED tests/test_mitigation_analysis.py::TestMitigationAnalyzerMitigationDetails::test_get_mitigation_details_existing
FAILED tests/test_mitigation_analysis.py::TestMitigationAnalyzerCoverageGaps::test_get_coverage_gaps
FAILED tests/test_mitigation_analysis.py::TestMitigationAnalyzerCoverageGaps::test_coverage_gaps_identifies_unmitigated
FAILED tests/test_mitigation_analysis.py::TestMitigationAnalyzerCoverageStatus::test_coverage_status_none
FAILED tests/test_relationships.py::TestInfluencePostInit::test_string_type_conversion
FAILED tests/test_relationships.py::TestInfluenceProperties::test_type_icon
FAILED tests/test_relationships.py::TestInfluenceProperties::test_color - Typ...
FAILED tests/test_relationships.py::TestInfluenceProperties::test_display_label
FAILED tests/test_relationships.py::TestTPOImpactProperties::test_display_label
FAILED tests/test_relationships.py::TestMitigatesRelationshipProperties::test_display_label
======================= 20 failed, 200 passed in 0.43s ========================
